../Core/Src/syscalls.c:47:6:initialise_monitor_handles	4	static
../Core/Src/syscalls.c:51:5:_getpid	4	static
../Core/Src/syscalls.c:56:5:_kill	16	static
../Core/Src/syscalls.c:62:6:_exit	16	static
../Core/Src/syscalls.c:68:27:_read	32	static
../Core/Src/syscalls.c:96:5:_write	24	static
../Core/Src/syscalls.c:101:5:_fstat	16	static
../Core/Src/syscalls.c:107:5:_isatty	16	static
../Core/Src/syscalls.c:112:5:_lseek	24	static
../Core/Src/syscalls.c:117:5:_open	12	static
../Core/Src/syscalls.c:123:5:_wait	16	static
../Core/Src/syscalls.c:129:5:_unlink	16	static
../Core/Src/syscalls.c:135:5:_times	16	static
../Core/Src/syscalls.c:140:5:_stat	16	static
../Core/Src/syscalls.c:146:5:_link	16	static
../Core/Src/syscalls.c:152:5:_fork	8	static
../Core/Src/syscalls.c:158:5:_execve	24	static
