01:27:56 **** Incremental Build of configuration Debug for project AS5048A ****
make -j8 all 
arm-none-eabi-size   AS5048A.elf 
   text	   data	    bss	    dec	    hex	filename
  28720	    484	   1908	  31112	   7988	AS5048A.elf
Finished building: default.size.stdout
 
01:28:02 **** Incremental Build of configuration Debug for project AS5048A ****
make -j8 all 
arm-none-eabi-size   AS5048A.elf 
   text	   data	    bss	    dec	    hex	filename
  28720	    484	   1908	  31112	   7988	AS5048A.elf
Finished building: default.size.stdout
 
01:28:11 **** Incremental Build of configuration Debug for project AS5048A ****
make -j8 all 
arm-none-eabi-size   AS5048A.elf 
   text	   data	    bss	    dec	    hex	filename
  28720	    484	   1908	  31112	   7988	AS5048A.elf
Finished building: default.size.stdout
 
01:29:31 **** Incremental Build of configuration Debug for project AS5048A ****
make -j8 all 
arm-none-eabi-size   AS5048A.elf 
   text	   data	    bss	    dec	    hex	filename
  28720	    484	   1908	  31112	   7988	AS5048A.elf
Finished building: default.size.stdout
 
01:29:50 **** Incremental Build of configuration Debug for project AS5048A ****
make -j8 all 
arm-none-eabi-size   AS5048A.elf 
   text	   data	    bss	    dec	    hex	filename
  28720	    484	   1908	  31112	   7988	AS5048A.elf
Finished building: default.size.stdout
 
